🔔 Alerta enviada a tu móvil (edward@exmaglobal.com): 🚀 [EXMA Outreach] Arrancó el despacho de los 10 correos del Jueves

==================================================
🚀 INICIANDO BLOQUE 1: CENTRAL Y MONTAÑA / CDT Y MDT (Illinois, Colorado) (2 correos)
Hora actual: 2026-10-01 10:09:45
==================================================
[1/10] ✅ 10:09:45 [CDT - Oak Brook, IL] [VALID] ENVIADO: Kim Lefko (Ace Hardware) <klefko@acehardware.com>
   ⏳ Pausa humana anti-spam: esperando 66s antes del siguiente...
[2/10] ✅ 10:10:53 [MDT - Denver, CO] [VALID] ENVIADO: Bob Rupczynski (Boost Mobile (Dish Wireless)) <bob.rupczynski@dish.com>

==================================================
🚀 INICIANDO BLOQUE 2: ESTE / EDT (FL, NY, PA, GA, RI) (7 correos)
Hora actual: 2026-10-01 10:10:54
==================================================
[3/10] ✅ 10:10:54 [EDT - Atlanta, GA] [VALID] ENVIADO: Alicia Tillman (Delta Air Lines) <alicia.tillman@delta.com>
   ⏳ Pausa humana anti-spam: esperando 71s antes del siguiente...
[4/10] ✅ 10:12:07 [EDT - Purchase, NY] [VALID] ENVIADO: Mark Kirkham (PepsiCo) <mark.kirkham@pepsico.com>
   ⏳ Pausa humana anti-spam: esperando 89s antes del siguiente...
[5/10] ✅ 10:13:45 [EDT - Miami, FL] [VALID] ENVIADO: Luis Fernández (Telemundo (NBCUniversal)) <luis.fernandez@nbcuni.com>
   ⏳ Pausa humana anti-spam: esperando 93s antes del siguiente...
[6/10] ✅ 10:15:20 [EDT - Miami, FL] [VALID] ENVIADO: Duarte Figueira (Universal Music Latino) <duarte.figueira@umusic.com>
   ⏳ Pausa humana anti-spam: esperando 86s antes del siguiente...
[7/10] ✅ 10:16:48 [EDT - Hershey, PA] [VALID] ENVIADO: David Wrubleski (The Hershey Company) <dwrubleski@hersheys.com>
   ⏳ Pausa humana anti-spam: esperando 79s antes del siguiente...
[8/10] ✅ 10:18:08 [EDT - Woonsocket, RI] [VALID] ENVIADO: David Joyner (CVS Health) <david.joyner@cvshealth.com>
   ⏳ Pausa humana anti-spam: esperando 90s antes del siguiente...
[9/10] ✅ 10:19:40 [EDT - Miami, FL / LatAm] [VALID] ENVIADO: Sean Summers (Mercado Libre) <sean.summers@mercadolibre.com>

☕ BLOQUE MAÑANA FINALIZADO: 9 enviados, 0 errores.
🔔 Alerta enviada a tu móvil (edward@exmaglobal.com): ✅ [EXMA Outreach] Bloque Mañana completado (9/9 enviados)

⏳ PAUSA ZONA PACÍFICO: Esperando 69.8 minutos hasta las 11:30 AM EDT (08:30 AM PDT)...


==================================================
🚀 INICIANDO BLOQUE 3: PACÍFICO / PDT (WASHINGTON - 08:30 AM PDT) (1 correos)
Hora actual: 2026-10-01 11:29:59
==================================================
[10/10] ✅ 11:29:59 [PDT - Bellevue, WA] [VALID] ENVIADO: Mike Katz (T-Mobile US) <mike.katz@t-mobile.com>
🔔 Alerta enviada a tu móvil (edward@exmaglobal.com): 🎉 [EXMA Outreach] Campaña de Jueves 100% COMPLETADA (10/10)

🎉 ¡CAMPAÑA DE JUEVES COMPLETADA CON ÉXITO TOTAL!
