🔔 Alerta enviada a tu móvil (edward@exmaglobal.com): 🚀 [EXMA Outreach] Arrancó el despacho de los 13 correos del Miércoles

==================================================
🚀 INICIANDO BLOQUE 1: CENTRAL / CDT (Texas, Minnesota) (3 correos)
Hora actual: 2026-09-30 10:47:55
==================================================
[1/13] ✅ 10:47:55 [CDT - Fort Worth, TX] [VALID] ENVIADO: Ron DeFeo (American Airlines) <ronald.defeo@aa.com>
   ⏳ Pausa humana anti-spam: esperando 93s antes del siguiente...
[2/13] ✅ 10:49:31 [CDT - Minneapolis, MN] [VALID] ENVIADO: Mark Weinstein (Target Corporation) <mark.weinstein@target.com>
   ⏳ Pausa humana anti-spam: esperando 92s antes del siguiente...
[3/13] ✅ 10:51:05 [CDT - Irving, TX] [VALID] ENVIADO: Sathish Mohanraju (Mission Foods (Gruma)) <smohanraju@missionfoods.com>

==================================================
🚀 INICIANDO BLOQUE 2: ESTE / EDT (FL, NY, GA, PA, MA) (8 correos)
Hora actual: 2026-09-30 10:51:07
==================================================
[4/13] ✅ 10:51:07 [EDT - Atlanta, GA] [VALID] ENVIADO: Molly Battin (The Home Depot) <molly_battin@homedepot.com>
   ⏳ Pausa humana anti-spam: esperando 72s antes del siguiente...
[5/13] ✅ 10:52:21 [EDT - New York, NY] [VALID] ENVIADO: Marcel Marcondes (Anheuser-Busch InBev) <marcel.marcondes@ab-inbev.com>
   ⏳ Pausa humana anti-spam: esperando 88s antes del siguiente...
[6/13] ✅ 10:53:51 [EDT - New York, NY] [VALID] ENVIADO: Leslie Berland (Verizon) <leslie.berland@verizon.com>
   ⏳ Pausa humana anti-spam: esperando 89s antes del siguiente...
[7/13] ✅ 10:55:21 [EDT - New York, NY] [VALID] ENVIADO: Elizabeth Rutledge (American Express) <elizabeth.rutledge@aexp.com>
   ⏳ Pausa humana anti-spam: esperando 94s antes del siguiente...
[8/13] ✅ 10:56:58 [EDT - Ottawa / New York] [VALID] ENVIADO: Harley Finkelstein (Shopify Inc.) <harley@shopify.com>
   ⏳ Pausa humana anti-spam: esperando 65s antes del siguiente...
[9/13] ✅ 10:58:04 [EDT - Miami, FL] [VALID] ENVIADO: Enrique Perez-Pantera (Pollo Tropical (Fiesta Restaurant Group)) <eperez@pollotropical.com>
   ⏳ Pausa humana anti-spam: esperando 82s antes del siguiente...
[10/13] ✅ 10:59:28 [EDT - Cambridge, MA] [VALID] ENVIADO: Kip Bodnar (HubSpot, Inc.) <kbodnar@hubspot.com>
   ⏳ Pausa humana anti-spam: esperando 95s antes del siguiente...
[11/13] ✅ 11:01:04 [EDT - Horsham, PA] [VALID] ENVIADO: Leslie Vesper (Bimbo Bakeries USA) <leslie.vesper@grupobimbo.com>

☕ BLOQUE MAÑANA FINALIZADO: 11 enviados, 0 errores.
🔔 Alerta enviada a tu móvil (edward@exmaglobal.com): ✅ [EXMA Outreach] Bloque Mañana completado (11/11 enviados)

⏳ PAUSA ZONA PACÍFICO: Esperando 28.8 minutos hasta las 11:30 AM EDT (08:30 AM PDT)...


==================================================
🚀 INICIANDO BLOQUE 3: PACÍFICO / PDT (CALIFORNIA - 08:30 AM PDT) (2 correos)
Hora actual: 2026-09-30 11:30:00
==================================================
[12/13] ✅ 11:30:00 [PDT - Irvine, CA] [VALID] ENVIADO: Luis Restrepo (Taco Bell) <luis.restrepo@yum.com>
   ⏳ Pausa humana anti-spam: esperando 89s antes del siguiente...
[13/13] ✅ 11:31:30 [PDT - San Francisco, CA] [VALID] ENVIADO: Frank Cooper III (Visa Inc.) <fcooper@visa.com>
🔔 Alerta enviada a tu móvil (edward@exmaglobal.com): 🎉 [EXMA Outreach] Campaña de Miércoles 100% COMPLETADA (13/13)

🎉 ¡CAMPAÑA DE MIÉRCOLES COMPLETADA CON ÉXITO TOTAL!
