⏳ PROGRAMADOR ACTIVO: Esperando hasta las 2026-09-29 09:00:00 (9.31 horas)...
⏰ ¡HORA ALCANZADA! Iniciando campaña...

==================================================
🚀 INICIANDO DESPACHO PLAN EXTENDIDO (29 CORREOS)
Composición: 19 VALID (100% verificados) + 10 CATCH-ALL (Inciertos sin rebote)
Hora de inicio: 2026-09-29 09:00:00
Servidor SMTP: smtp.hostinger.com:465
==================================================

🔔 Alerta enviada a tu móvil (edward@exmaglobal.com): 🚀 [EXMA Outreach] Arrancó el despacho de los 29 correos del Martes
[1/29] ✅ 09:00:01 [VALID] ENVIADO: Carlos Lamourtte (Banesco USA) <clamourtte@banescousa.com>
   ⏳ Pausa humana anti-spam: esperando 107s antes del siguiente...
[2/29] ❌ 09:01:53 [VALID] ERROR con psilveira@caciqueinc.com: (421, b'4.4.2 smtp.hostinger.com Error: timeout exceeded', 'edward@agenciaprosperia.com')
   ⏳ Pausa humana anti-spam: esperando 107s antes del siguiente...
[3/29] ❌ 09:03:40 [VALID] ERROR con leonor.gavina@gavina.com: please run connect() first
   ⏳ Pausa humana anti-spam: esperando 109s antes del siguiente...
[4/29] ❌ 09:05:29 [VALID] ERROR con nduggan@bacardi.com: please run connect() first
   ⏳ Pausa humana anti-spam: esperando 75s antes del siguiente...
[5/29] ❌ 09:06:44 [VALID] ERROR con eperez@pollotropical.com: please run connect() first
   ⏳ Pausa humana anti-spam: esperando 109s antes del siguiente...
[6/29] ❌ 09:08:34 [VALID] ERROR con smager@deloitte.com: please run connect() first
   ⏳ Pausa humana anti-spam: esperando 106s antes del siguiente...
[7/29] ❌ 09:10:20 [VALID] ERROR con thomas_ranese@intuit.com: please run connect() first
   ⏳ Pausa humana anti-spam: esperando 94s antes del siguiente...
[8/29] ❌ 09:11:54 [VALID] ERROR con cristina.diezhandino@diageo.com: please run connect() first
   ⏳ Pausa humana anti-spam: esperando 106s antes del siguiente...
[9/29] ❌ 09:13:40 [VALID] ERROR con katie.williams@jmsmucker.com: please run connect() first
   ⏳ Pausa humana anti-spam: esperando 102s antes del siguiente...
[10/29] ❌ 09:15:22 [VALID] ERROR con marvin.ellison@lowes.com: please run connect() first
   ⏳ Pausa humana anti-spam: esperando 89s antes del siguiente...
[11/29] ❌ 09:16:51 [VALID] ERROR con jennie.weber@bestbuy.com: please run connect() first
   ⏳ Pausa humana anti-spam: esperando 102s antes del siguiente...
[12/29] ❌ 09:18:33 [VALID] ERROR con tcurtis@rbi.com: please run connect() first
   ⏳ Pausa humana anti-spam: esperando 79s antes del siguiente...
[13/29] ❌ 09:19:52 [VALID] ERROR con cduffy@carnival.com: please run connect() first
   ⏳ Pausa humana anti-spam: esperando 90s antes del siguiente...
[14/29] ❌ 09:21:22 [VALID] ERROR con ttaylor@cocacolaflorida.com: please run connect() first
   ⏳ Pausa humana anti-spam: esperando 98s antes del siguiente...
[15/29] ❌ 09:23:00 [VALID] ERROR con carolina_incognito@colpal.com: please run connect() first
   ⏳ Pausa humana anti-spam: esperando 91s antes del siguiente...
[16/29] ❌ 09:24:31 [VALID] ERROR con jim.sabia@cbrands.com: please run connect() first
   ⏳ Pausa humana anti-spam: esperando 85s antes del siguiente...
[17/29] ❌ 09:25:56 [VALID] ERROR con lindsay.radkoski@wendys.com: please run connect() first
   ⏳ Pausa humana anti-spam: esperando 104s antes del siguiente...
[18/29] ❌ 09:27:40 [VALID] ERROR con dwrubleski@hersheys.com: please run connect() first
   ⏳ Pausa humana anti-spam: esperando 106s antes del siguiente...
[19/29] ❌ 09:29:26 [VALID] ERROR con william.white@walmart.com: please run connect() first
   ⏳ Pausa humana anti-spam: esperando 77s antes del siguiente...
[20/29] ❌ 09:30:43 [CATCH_ALL] ERROR con antonia.wade@pwc.com: please run connect() first
   ⏳ Pausa humana anti-spam: esperando 78s antes del siguiente...
[21/29] ❌ 09:32:01 [CATCH_ALL] ERROR con emma.chalwin@workday.com: please run connect() first
   ⏳ Pausa humana anti-spam: esperando 92s antes del siguiente...
[22/29] ❌ 09:33:33 [CATCH_ALL] ERROR con lisa.ross@schwab.com: please run connect() first
   ⏳ Pausa humana anti-spam: esperando 102s antes del siguiente...
[23/29] ❌ 09:35:15 [CATCH_ALL] ERROR con kimberly.blair@fpl.com: please run connect() first
   ⏳ Pausa humana anti-spam: esperando 105s antes del siguiente...
[24/29] ❌ 09:37:00 [CATCH_ALL] ERROR con mie-leng.wong@mdlz.com: please run connect() first
   ⏳ Pausa humana anti-spam: esperando 98s antes del siguiente...
[25/29] ❌ 09:38:38 [CATCH_ALL] ERROR con amy_hu@newyorklife.com: please run connect() first
   ⏳ Pausa humana anti-spam: esperando 84s antes del siguiente...
[26/29] ❌ 09:40:02 [CATCH_ALL] ERROR con marisstella.marinkovic@nissan-usa.com: please run connect() first
   ⏳ Pausa humana anti-spam: esperando 83s antes del siguiente...
[27/29] ❌ 09:41:25 [CATCH_ALL] ERROR con pritchard.m@pg.com: please run connect() first
   ⏳ Pausa humana anti-spam: esperando 109s antes del siguiente...
[28/29] ❌ 09:43:14 [CATCH_ALL] ERROR con diana.frost@kraftheinz.com: please run connect() first
   ⏳ Pausa humana anti-spam: esperando 94s antes del siguiente...
[29/29] ❌ 09:44:48 [CATCH_ALL] ERROR con devin.mcgranahan@westernunion.com: please run connect() first
No se pudo enviar alerta: please run connect() first
Traceback (most recent call last):
  File "/Users/ejimenezsys/Desktop/sitiosweb/agencia/dispatch_martes_bloque_b_c.py", line 726, in <module>
    wait_until_target(9, 0)
  File "/Users/ejimenezsys/Desktop/sitiosweb/agencia/dispatch_martes_bloque_b_c.py", line 722, in wait_until_target
    run_campaign()
  File "/Users/ejimenezsys/Desktop/sitiosweb/agencia/dispatch_martes_bloque_b_c.py", line 700, in run_campaign
    server.quit()
  File "/Library/Developer/CommandLineTools/Library/Frameworks/Python3.framework/Versions/3.9/lib/python3.9/smtplib.py", line 999, in quit
    res = self.docmd("quit")
  File "/Library/Developer/CommandLineTools/Library/Frameworks/Python3.framework/Versions/3.9/lib/python3.9/smtplib.py", line 426, in docmd
    self.putcmd(cmd, args)
  File "/Library/Developer/CommandLineTools/Library/Frameworks/Python3.framework/Versions/3.9/lib/python3.9/smtplib.py", line 373, in putcmd
    self.send(str)
  File "/Library/Developer/CommandLineTools/Library/Frameworks/Python3.framework/Versions/3.9/lib/python3.9/smtplib.py", line 365, in send
    raise SMTPServerDisconnected('please run connect() first')
smtplib.SMTPServerDisconnected: please run connect() first
