🔔 Alerta enviada a tu móvil (edward@exmaglobal.com): 🚀 [EXMA Outreach] Arrancó el despacho de los 26 correos del Martes

==================================================
🚀 INICIANDO BLOQUE 1: CENTRAL Y MONTAÑA (09:00 AM CDT / 08:00 AM MDT) (8 correos)
Hora actual: 2026-09-29 10:11:58
==================================================
[1/26] ✅ 10:11:59 [CDT - Richfield, MN] [VALID] ENVIADO: Jennie Weber (Best Buy Co) <jennie.weber@bestbuy.com>
   ⏳ Pausa humana anti-spam: esperando 75s antes del siguiente...
⚠️ Reintentando conexión SMTP para jim.sabia@cbrands.com... ((421, b'4.4.2 smtp.hostinger.com Error: timeout exceeded', 'edward@agenciaprosperia.com'))
[2/26] ✅ 10:13:14 [CDT - Chicago, IL] [VALID] ENVIADO: Jim Sabia (Constellation Brands) <jim.sabia@cbrands.com>
   ⏳ Pausa humana anti-spam: esperando 85s antes del siguiente...
⚠️ Reintentando conexión SMTP para william.white@walmart.com... ((421, b'4.4.2 smtp.hostinger.com Error: timeout exceeded', 'edward@agenciaprosperia.com'))
[3/26] ✅ 10:14:45 [CDT - Bentonville, AR] [VALID] ENVIADO: William White (Walmart Inc.) <william.white@walmart.com>
   ⏳ Pausa humana anti-spam: esperando 70s antes del siguiente...
⚠️ Reintentando conexión SMTP para lisa.ross@schwab.com... ((421, b'4.4.2 smtp.hostinger.com Error: timeout exceeded', 'edward@agenciaprosperia.com'))
[4/26] ✅ 10:15:59 [CDT - Westlake, TX] [CATCH_ALL] ENVIADO: Lisa Ross (Charles Schwab) <lisa.ross@schwab.com>
   ⏳ Pausa humana anti-spam: esperando 94s antes del siguiente...
⚠️ Reintentando conexión SMTP para mie-leng.wong@mdlz.com... ((421, b'4.4.2 smtp.hostinger.com Error: timeout exceeded', 'edward@agenciaprosperia.com'))
[5/26] ✅ 10:17:38 [CDT - Chicago, IL] [CATCH_ALL] ENVIADO: Mie-Leng Wong (Mondelēz International) <mie-leng.wong@mdlz.com>
   ⏳ Pausa humana anti-spam: esperando 87s antes del siguiente...
⚠️ Reintentando conexión SMTP para marisstella.marinkovic@nissan-usa.com... ((421, b'4.4.2 smtp.hostinger.com Error: timeout exceeded', 'edward@agenciaprosperia.com'))
[6/26] ✅ 10:19:10 [CDT - Franklin, TN] [CATCH_ALL] ENVIADO: Marisstella Marinkovic (Nissan North America) <marisstella.marinkovic@nissan-usa.com>
   ⏳ Pausa humana anti-spam: esperando 84s antes del siguiente...
⚠️ Reintentando conexión SMTP para diana.frost@kraftheinz.com... ((421, b'4.4.2 smtp.hostinger.com Error: timeout exceeded', 'edward@agenciaprosperia.com'))
[7/26] ✅ 10:20:39 [CDT - Chicago, IL] [CATCH_ALL] ENVIADO: Diana Frost (The Kraft Heinz Company) <diana.frost@kraftheinz.com>
   ⏳ Pausa humana anti-spam: esperando 66s antes del siguiente...
⚠️ Reintentando conexión SMTP para devin.mcgranahan@westernunion.com... ((421, b'4.4.2 smtp.hostinger.com Error: timeout exceeded', 'edward@agenciaprosperia.com'))
[8/26] ✅ 10:21:49 [MDT - Denver, CO] [CATCH_ALL] ENVIADO: Devin McGranahan (Western Union) <devin.mcgranahan@westernunion.com>

==================================================
🚀 INICIANDO BLOQUE 2: ESTE / EDT (FL, NY, OH) (14 correos)
Hora actual: 2026-09-29 10:21:53
==================================================
[9/26] ✅ 10:21:54 [EDT - Miami/Coral Gables, FL] [VALID] ENVIADO: Ned Duggan (Bacardi USA) <nduggan@bacardi.com>
   ⏳ Pausa humana anti-spam: esperando 86s antes del siguiente...
⚠️ Reintentando conexión SMTP para eperez@pollotropical.com... (Server not connected)
⚠️ Reintentando conexión SMTP para eperez@pollotropical.com... (Connection unexpectedly closed: [Errno 65] No route to host)
[10/26] ❌ 10:23:21 [EDT] ERROR con eperez@pollotropical.com
   ⏳ Pausa humana anti-spam: esperando 87s antes del siguiente...
⚠️ Reintentando conexión SMTP para smager@deloitte.com... ((421, b'4.4.2 smtp.hostinger.com Error: timeout exceeded', 'edward@agenciaprosperia.com'))
[11/26] ✅ 10:41:04 [EDT - New York, NY] [VALID] ENVIADO: Scott Mager (Deloitte US) <smager@deloitte.com>
   ⏳ Pausa humana anti-spam: esperando 86s antes del siguiente...
⚠️ Reintentando conexión SMTP para cristina.diezhandino@diageo.com... ((421, b'4.4.2 smtp.hostinger.com Error: timeout exceeded', 'edward@agenciaprosperia.com'))
[12/26] ✅ 10:42:35 [EDT - New York, NY] [VALID] ENVIADO: Cristina Diezhandino (Diageo North America) <cristina.diezhandino@diageo.com>
   ⏳ Pausa humana anti-spam: esperando 68s antes del siguiente...
⚠️ Reintentando conexión SMTP para katie.williams@jmsmucker.com... ((421, b'4.4.2 smtp.hostinger.com Error: timeout exceeded', 'edward@agenciaprosperia.com'))
[13/26] ✅ 10:43:47 [EDT - Orrville, OH] [VALID] ENVIADO: Katie Williams (The J.M. Smucker Co. (Café Bustelo)) <katie.williams@jmsmucker.com>
   ⏳ Pausa humana anti-spam: esperando 68s antes del siguiente...
⚠️ Reintentando conexión SMTP para tcurtis@rbi.com... ((421, b'4.4.2 smtp.hostinger.com Error: timeout exceeded', 'edward@agenciaprosperia.com'))
[14/26] ✅ 10:45:00 [EDT - Miami, FL] [VALID] ENVIADO: Tom Curtis (Burger King (Restaurant Brands International)) <tcurtis@rbi.com>
   ⏳ Pausa humana anti-spam: esperando 67s antes del siguiente...
⚠️ Reintentando conexión SMTP para cduffy@carnival.com... ((421, b'4.4.2 smtp.hostinger.com Error: timeout exceeded', 'edward@agenciaprosperia.com'))
[15/26] ✅ 10:46:11 [EDT - Miami, FL] [VALID] ENVIADO: Christine Duffy (Carnival Cruise Line) <cduffy@carnival.com>
   ⏳ Pausa humana anti-spam: esperando 69s antes del siguiente...
⚠️ Reintentando conexión SMTP para ttaylor@cocacolaflorida.com... ((421, b'4.4.2 smtp.hostinger.com Error: timeout exceeded', 'edward@agenciaprosperia.com'))
[16/26] ✅ 10:47:25 [EDT - Tampa, FL] [VALID] ENVIADO: Troy Taylor (Coca-Cola Beverages Florida) <ttaylor@cocacolaflorida.com>
   ⏳ Pausa humana anti-spam: esperando 67s antes del siguiente...
⚠️ Reintentando conexión SMTP para carolina_incognito@colpal.com... ((421, b'4.4.2 smtp.hostinger.com Error: timeout exceeded', 'edward@agenciaprosperia.com'))
[17/26] ✅ 10:48:36 [EDT - New York, NY] [VALID] ENVIADO: Carolina Incognito (Colgate-Palmolive) <carolina_incognito@colpal.com>
   ⏳ Pausa humana anti-spam: esperando 95s antes del siguiente...
⚠️ Reintentando conexión SMTP para lindsay.radkoski@wendys.com... ((421, b'4.4.2 smtp.hostinger.com Error: timeout exceeded', 'edward@agenciaprosperia.com'))
[18/26] ✅ 10:50:16 [EDT - Dublin, OH] [VALID] ENVIADO: Lindsay Radkoski (The Wendy's Company) <lindsay.radkoski@wendys.com>
   ⏳ Pausa humana anti-spam: esperando 90s antes del siguiente...
⚠️ Reintentando conexión SMTP para antonia.wade@pwc.com... ((421, b'4.4.2 smtp.hostinger.com Error: timeout exceeded', 'edward@agenciaprosperia.com'))
[19/26] ✅ 10:51:50 [EDT - New York, NY] [CATCH_ALL] ENVIADO: Antonia Wade (PwC US) <antonia.wade@pwc.com>
   ⏳ Pausa humana anti-spam: esperando 76s antes del siguiente...
⚠️ Reintentando conexión SMTP para kimberly.blair@fpl.com... ((421, b'4.4.2 smtp.hostinger.com Error: timeout exceeded', 'edward@agenciaprosperia.com'))
[20/26] ✅ 10:53:11 [EDT - Juno Beach, FL] [CATCH_ALL] ENVIADO: Kimberly Blair (Florida Power & Light (FPL / NextEra Energy)) <kimberly.blair@fpl.com>
   ⏳ Pausa humana anti-spam: esperando 86s antes del siguiente...
⚠️ Reintentando conexión SMTP para amy_hu@newyorklife.com... ((421, b'4.4.2 smtp.hostinger.com Error: timeout exceeded', 'edward@agenciaprosperia.com'))
[21/26] ✅ 10:54:41 [EDT - New York, NY] [CATCH_ALL] ENVIADO: Amy Hu (New York Life Insurance Company) <amy_hu@newyorklife.com>
   ⏳ Pausa humana anti-spam: esperando 76s antes del siguiente...
⚠️ Reintentando conexión SMTP para pritchard.m@pg.com... ((421, b'4.4.2 smtp.hostinger.com Error: timeout exceeded', 'edward@agenciaprosperia.com'))
[22/26] ✅ 10:56:02 [EDT - Cincinnati, OH] [CATCH_ALL] ENVIADO: Marc Pritchard (Procter & Gamble (P&G)) <pritchard.m@pg.com>

☕ BLOQUE MAÑANA FINALIZADO: 21 enviados, 1 errores.
🔔 Alerta enviada a tu móvil (edward@exmaglobal.com): ✅ [EXMA Outreach] Bloque Mañana completado (21/22 enviados)

⏳ PAUSA ZONA PACÍFICO: Esperando 63.9 minutos hasta las 12:00 PM EDT (09:00 AM PDT)...


==================================================
🚀 INICIANDO BLOQUE 3: PACÍFICO / PDT (CALIFORNIA - 09:00 AM PDT) (4 correos)
Hora actual: 2026-09-29 12:15:50
==================================================
[23/26] ✅ 12:15:50 [PDT - Monrovia, CA] [VALID] ENVIADO: Pedro Silveira (Cacique Foods) <psilveira@caciqueinc.com>
   ⏳ Pausa humana anti-spam: esperando 88s antes del siguiente...
⚠️ Reintentando conexión SMTP para leonor.gavina@gavina.com... ((421, b'4.4.2 smtp.hostinger.com Error: timeout exceeded', 'edward@agenciaprosperia.com'))
[24/26] ✅ 12:17:19 [PDT - Vernon, CA] [VALID] ENVIADO: Leonor Gaviña-Valls (F. Gaviña & Sons (Café La Llave)) <leonor.gavina@gavina.com>
   ⏳ Pausa humana anti-spam: esperando 90s antes del siguiente...
⚠️ Reintentando conexión SMTP para thomas_ranese@intuit.com... ((421, b'4.4.2 smtp.hostinger.com Error: timeout exceeded', 'edward@agenciaprosperia.com'))
[25/26] ✅ 12:18:54 [PDT - Mountain View, CA] [VALID] ENVIADO: Thomas Ranese (Intuit) <thomas_ranese@intuit.com>
   ⏳ Pausa humana anti-spam: esperando 70s antes del siguiente...
⚠️ Reintentando conexión SMTP para emma.chalwin@workday.com... ((421, b'4.4.2 smtp.hostinger.com Error: timeout exceeded', 'edward@agenciaprosperia.com'))
[26/26] ✅ 12:20:08 [PDT - Pleasanton, CA] [CATCH_ALL] ENVIADO: Emma Chalwin (Workday) <emma.chalwin@workday.com>
🔔 Alerta enviada a tu móvil (edward@exmaglobal.com): 🎉 [EXMA Outreach] Campaña de Martes 100% COMPLETADA (25/26)

🎉 ¡CAMPAÑA ZONIFICADA COMPLETADA CON ÉXITO TOTAL!
